[    0.000000] Initializing cgroup subsys cpuset
[    0.000000] Initializing cgroup subsys cpu
[    0.000000] Initializing cgroup subsys cpuacct
[    0.000000] Linux version 4.4.0-151-generic (buildd@lgw01-amd64-043) (gcc version 5.4.0 20160609 (Ubuntu 5.4.0-6ubuntu1~16.04.10) ) #178-Ubuntu SMP Tue Jun 11 08:30:22 UTC 2019 (Ubuntu 4.4.0-151.178-generic 4.4.179)
[    0.000000] Command line: BOOT_IMAGE=/boot/vmlinuz-4.4.0-151-generic root=LABEL=cloudimg-rootfs ro console=tty1 console=ttyS0
[    0.000000] KERNEL supported cpus:
[    0.000000]   Intel GenuineIntel
[    0.000000]   AMD AuthenticAMD
[    0.000000]   Centaur CentaurHauls
[    0.000000] x86/fpu: xstate_offset[2]:  576, xstate_sizes[2]:  256
[    0.000000] x86/fpu: Supporting XSAVE feature 0x01: 'x87 floating point registers'
[    0.000000] x86/fpu: Supporting XSAVE feature 0x02: 'SSE registers'
[    0.000000] x86/fpu: Supporting XSAVE feature 0x04: 'AVX registers'
[    0.000000] x86/fpu: Enabled xstate features 0x7, context size is 832 bytes, using 'standard' format.
[    0.000000] e820: BIOS-provided physical RAM map:
[    0.000000] BIOS-e820: [mem 0x0000000000000000-0x000000000009fbff] usable
[    0.000000] BIOS-e820: [mem 0x000000000009fc00-0x000000000009ffff] reserved
[    0.000000] BIOS-e820: [mem 0x00000000000f0000-0x00000000000fffff] reserved
[    0.000000] BIOS-e820: [mem 0x0000000000100000-0x000000003ffeffff] usable
[    0.000000] BIOS-e820: [mem 0x000000003fff0000-0x000000003fffffff] ACPI data
[    0.000000] BIOS-e820: [mem 0x00000000fec00000-0x00000000fec00fff] reserved
[    0.000000] BIOS-e820: [mem 0x00000000fee00000-0x00000000fee00fff] reserved
[    0.000000] BIOS-e820: [mem 0x00000000fffc0000-0x00000000ffffffff] reserved
[    0.000000] NX (Execute Disable) protection: active
[    0.000000] SMBIOS 2.5 present.
[    0.000000] Hypervisor detected: KVM
[    0.000000] e820: last_pfn = 0x3fff0 max_arch_pfn = 0x400000000
[    0.000000] MTRR: Disabled
[    0.000000] x86/PAT: MTRRs disabled, skipping PAT initialization too.
[    0.000000] CPU MTRRs all blank - virtualized system.
[    0.000000] x86/PAT: Configuration [0-7]: WB  WT  UC- UC  WB  WT  UC- UC  
[    0.000000] found SMP MP-table at [mem 0x0009fff0-0x0009ffff] mapped at [ffff88000009fff0]
[    0.000000] Scanning 1 areas for low memory corruption
[    0.000000] RAMDISK: [mem 0x362fc000-0x37175fff]
[    0.000000] ACPI: Early table checksum verification disabled
[    0.000000] ACPI: RSDP 0x00000000000E0000 000024 (v02 VBOX  )
[    0.000000] ACPI: XSDT 0x000000003FFF0030 00003C (v01 VBOX   VBOXXSDT 00000001 ASL  00000061)
[    0.000000] ACPI: FACP 0x000000003FFF00F0 0000F4 (v04 VBOX   VBOXFACP 00000001 ASL  00000061)
[    0.000000] ACPI: DSDT 0x000000003FFF0470 0022EA (v02 VBOX   VBOXBIOS 00000002 INTL 20100528)
[    0.000000] ACPI: FACS 0x000000003FFF0200 000040
[    0.000000] ACPI: FACS 0x000000003FFF0200 000040
[    0.000000] ACPI: APIC 0x000000003FFF0240 00005C (v02 VBOX   VBOXAPIC 00000001 ASL  00000061)
[    0.000000] ACPI: SSDT 0x000000003FFF02A0 0001CC (v01 VBOX   VBOXCPUT 00000002 INTL 20100528)
[    0.000000] No NUMA configuration found
[    0.000000] Faking a node at [mem 0x0000000000000000-0x000000003ffeffff]
[    0.000000] NODE_DATA(0) allocated [mem 0x3ffeb000-0x3ffeffff]
[    0.000000] kvm-clock: Using msrs 4b564d01 and 4b564d00
[    0.000000] kvm-clock: cpu 0, msr 0:3ffe3001, primary cpu clock
[    0.000000] kvm-clock: using sched offset of 3526110001 cycles
[    0.000000] clocksource: kvm-clock: mask: 0xffffffffffffffff max_cycles: 0x1cd42e4dffb, max_idle_ns: 881590591483 ns
[    0.000000] Zone ranges:
[    0.000000]   DMA      [mem 0x0000000000001000-0x0000000000ffffff]
[    0.000000]   DMA32    [mem 0x0000000001000000-0x000000003ffeffff]
[    0.000000]   Normal   empty
[    0.000000]   Device   empty
[    0.000000] Movable zone start for each node
[    0.000000] Early memory node ranges
[    0.000000]   node   0: [mem 0x0000000000001000-0x000000000009efff]
[    0.000000]   node   0: [mem 0x0000000000100000-0x000000003ffeffff]
[    0.000000] Initmem setup node 0 [mem 0x0000000000001000-0x000000003ffeffff]
[    0.000000] ACPI: PM-Timer IO Port: 0x4008
[    0.000000] IOAPIC[0]: apic_id 2, version 32, address 0xfec00000, GSI 0-23
[    0.000000] ACPI: INT_SRC_OVR (bus 0 bus_irq 0 global_irq 2 dfl dfl)
[    0.000000] ACPI: INT_SRC_OVR (bus 0 bus_irq 9 global_irq 9 low level)
[    0.000000] Using ACPI (MADT) for SMP configuration information
[    0.000000] smpboot: Allowing 2 CPUs, 0 hotplug CPUs
[    0.000000] PM: Registered nosave memory: [mem 0x00000000-0x00000fff]
[    0.000000] PM: Registered nosave memory: [mem 0x0009f000-0x0009ffff]
[    0.000000] PM: Registered nosave memory: [mem 0x000a0000-0x000effff]
[    0.000000] PM: Registered nosave memory: [mem 0x000f0000-0x000fffff]
[    0.000000] e820: [mem 0x40000000-0xfebfffff] available for PCI devices
[    0.000000] Booting paravirtualized kernel on KVM
[    0.000000] clocksource: refined-jiffies: mask: 0xffffffff max_cycles: 0xffffffff, max_idle_ns: 7645519600211568 ns
[    0.000000] setup_percpu: NR_CPUS:512 nr_cpumask_bits:512 nr_cpu_ids:2 nr_node_ids:1
[    0.000000] PERCPU: Embedded 34 pages/cpu @ffff88003fc00000 s99480 r8192 d31592 u1048576
[    0.000000] Built 1 zonelists in Node order, mobility grouping on.  Total pages: 257912
[    0.000000] Policy zone: DMA32
[    0.000000] Kernel command line: BOOT_IMAGE=/boot/vmlinuz-4.4.0-151-generic root=LABEL=cloudimg-rootfs ro console=tty1 console=ttyS0
[    0.000000] PID hash table entries: 4096 (order: 3, 32768 bytes)
[    0.000000] Memory: 997736K/1048120K available (8613K kernel code, 1335K rwdata, 4028K rodata, 1484K init, 1284K bss, 50384K reserved, 0K cma-reserved)
[    0.000000] SLUB: HWalign=64, Order=0-3, MinObjects=0, CPUs=2, Nodes=1
[    0.000000] Kernel/User page tables isolation: enabled
[    0.000000] Hierarchical RCU implementation.
[    0.000000] 	Build-time adjustment of leaf fanout to 64.
[    0.000000] 	RCU restricting CPUs from NR_CPUS=512 to nr_cpu_ids=2.
[    0.000000] RCU: Adjusting geometry for rcu_fanout_leaf=64, nr_cpu_ids=2
[    0.000000] NR_IRQS:33024 nr_irqs:440 16
[    0.000000] Console: colour VGA+ 80x25
[    0.000000] console [tty1] enabled
[    0.000000] console [ttyS0] enabled
[    0.000000] tsc: Detected 2194.918 MHz processor
[    0.172545] Calibrating delay loop (skipped) preset value.. 4389.83 BogoMIPS (lpj=8779672)
[    0.175024] pid_max: default: 32768 minimum: 301
[    0.176273] ACPI: Core revision 20150930
[    0.178139] ACPI: 2 ACPI AML tables successfully acquired and loaded
[    0.180099] Security Framework initialized
[    0.181252] Yama: becoming mindful.
[    0.182224] AppArmor: AppArmor initialized
[    0.183737] Dentry cache hash table entries: 131072 (order: 8, 1048576 bytes)
[    0.187232] Inode-cache hash table entries: 65536 (order: 7, 524288 bytes)
[    0.189419] Mount-cache hash table entries: 2048 (order: 2, 16384 bytes)
[    0.191172] Mountpoint-cache hash table entries: 2048 (order: 2, 16384 bytes)
[    0.193072] Initializing cgroup subsys io
[    0.194165] Initializing cgroup subsys memory
[    0.195315] Initializing cgroup subsys devices
[    0.196522] Initializing cgroup subsys freezer
[    0.197688] Initializing cgroup subsys net_cls
[    0.198849] Initializing cgroup subsys perf_event
[    0.200096] Initializing cgroup subsys net_prio
[    0.201279] Initializing cgroup subsys hugetlb
[    0.202415] Initializing cgroup subsys pids
[    0.204648] mce: CPU supports 0 MCE banks
[    0.205860] Last level iTLB entries: 4KB 1024, 2MB 1024, 4MB 1024
[    0.207670] Last level dTLB entries: 4KB 1024, 2MB 1024, 4MB 1024, 1GB 4
[    0.209490] Spectre V2 : Mitigation: Full generic retpoline
[    0.210932] Spectre V2 : Spectre v2 / SpectreRSB mitigation: Filling RSB on context switch
[    0.213125] Speculative Store Bypass: Vulnerable
[    0.214376] MDS: Vulnerable: Clear CPU buffers attempted, no microcode
[    0.218711] Freeing SMP alternatives memory: 36K
[    0.225504] ftrace: allocating 32299 entries in 127 pages
[    0.280384] smpboot: APIC(0) Converting physical 0 to logical package 0
[    0.282347] smpboot: Max logical packages: 1
[    0.283698] x2apic enabled
[    0.284706] Switched APIC routing to physical x2apic.
[    0.286995] ..TIMER: vector=0x30 apic1=0 pin1=2 apic2=-1 pin2=-1
[    0.396523] smpboot: CPU0: Intel(R) Core(TM) i7-4770HQ CPU @ 2.20GHz (family: 0x6, model: 0x46, stepping: 0x1)
[    0.400095] Performance Events: unsupported p6 CPU model 70 no PMU driver, software events only.
[    0.412585] KVM setup paravirtual spinlock
[    0.414702] x86: Booting SMP configuration:
[    0.416107] .... node  #0, CPUs:      #1
[    0.417312] kvm-clock: cpu 1, msr 0:3ffe3041, secondary cpu clock
[    0.419704] mce: CPU supports 0 MCE banks
[    0.422515] x86: Booted up 1 node, 2 CPUs
[    0.423845] smpboot: Total of 2 processors activated (8779.67 BogoMIPS)
[    0.426081] devtmpfs: initialized
[    0.429052] evm: security.selinux
[    0.429960] evm: security.SMACK64
[    0.430855] evm: security.SMACK64EXEC
[    0.431889] evm: security.SMACK64TRANSMUTE
[    0.432993] evm: security.SMACK64MMAP
[    0.433959] evm: security.ima
[    0.434783] evm: security.capability
[    0.436026] clocksource: jiffies: mask: 0xffffffff max_cycles: 0xffffffff, max_idle_ns: 7645041785100000 ns
[    0.438658] futex hash table entries: 512 (order: 3, 32768 bytes)
[    0.440756] pinctrl core: initialized pinctrl subsystem
[    0.442397] RTC time:  7:17:14, date: 09/02/19
[    0.443782] NET: Registered protocol family 16
[    0.457272] cpuidle: using governor ladder
[    0.469540] cpuidle: using governor menu
[    0.471139] PCCT header not found.
[    0.472484] ACPI: bus type PCI registered
[    0.473900] acpiphp: ACPI Hot Plug PCI Controller Driver version: 0.5
[    0.475901] PCI: Using configuration type 1 for base access
[    0.490797] ACPI: Added _OSI(Module Device)
[    0.492825] ACPI: Added _OSI(Processor Device)
[    0.494533] ACPI: Added _OSI(3.0 _SCP Extensions)
[    0.496208] ACPI: Added _OSI(Processor Aggregator Device)
[    0.498882] ACPI: Executed 1 blocks of module-level executable AML code
[    0.502739] ACPI: Interpreter enabled
[    0.503884] ACPI: (supports S0 S5)
[    0.504912] ACPI: Using IOAPIC for interrupt routing
[    0.506625] PCI: Using host bridge windows from ACPI; if necessary, use "pci=nocrs" and report a bug
[    0.513874] ACPI: PCI Root Bridge [PCI0] (domain 0000 [bus 00-ff])
[    0.515809] acpi PNP0A03:00: _OSC: OS supports [ASPM ClockPM Segments MSI]
[    0.517967] acpi PNP0A03:00: _OSC: not requesting OS control; OS requires [ExtendedConfig ASPM ClockPM MSI]
[    0.520489] acpi PNP0A03:00: fail to add MMCONFIG information, can't access extended PCI configuration space under this bridge.
[    0.523839] PCI host bridge to bus 0000:00
[    0.524940] pci_bus 0000:00: root bus resource [io  0x0000-0x0cf7 window]
[    0.526788] pci_bus 0000:00: root bus resource [io  0x0d00-0xffff window]
[    0.528468] pci_bus 0000:00: root bus resource [mem 0x000a0000-0x000bffff window]
[    0.530448] pci_bus 0000:00: root bus resource [mem 0x40000000-0xfdffffff window]
[    0.532453] pci_bus 0000:00: root bus resource [bus 00-ff]
[    0.536986] pci 0000:00:01.1: legacy IDE quirk: reg 0x10: [io  0x01f0-0x01f7]
[    0.538741] pci 0000:00:01.1: legacy IDE quirk: reg 0x14: [io  0x03f6]
[    0.540754] pci 0000:00:01.1: legacy IDE quirk: reg 0x18: [io  0x0170-0x0177]
[    0.542704] pci 0000:00:01.1: legacy IDE quirk: reg 0x1c: [io  0x0376]
[    0.560757] pci 0000:00:07.0: quirk: [io  0x4000-0x403f] claimed by PIIX4 ACPI
[    0.571617] pci 0000:00:07.0: quirk: [io  0x4100-0x410f] claimed by PIIX4 SMB
[    0.580364] ACPI: PCI Interrupt Link [LNKA] (IRQs 5 9 10 *11)
[    0.582741] ACPI: PCI Interrupt Link [LNKB] (IRQs 5 9 *10 11)
[    0.584782] ACPI: PCI Interrupt Link [LNKC] (IRQs 5 *9 10 11)
[    0.586594] ACPI: PCI Interrupt Link [LNKD] (IRQs 5 9 10 *11)
[    0.588730] ACPI: Enabled 2 GPEs in block 00 to 07
[    0.590504] vgaarb: setting as boot device: PCI:0000:00:02.0
[    0.591934] vgaarb: device added: PCI:0000:00:02.0,decodes=io+mem,owns=io+mem,locks=none
[    0.594204] vgaarb: loaded
[    0.595152] vgaarb: bridge control possible 0000:00:02.0
[    0.597075] SCSI subsystem initialized
[    0.598306] ACPI: bus type USB registered
[    0.599632] usbcore: registered new interface driver usbfs
[    0.601071] usbcore: registered new interface driver hub
[    0.602438] usbcore: registered new device driver usb
[    0.603977] PCI: Using ACPI for IRQ routing
[    0.605519] NetLabel: Initializing
[    0.606501] NetLabel:  domain hash size = 128
[    0.608149] NetLabel:  protocols = UNLABELED CIPSOv4
[    0.610785] NetLabel:  unlabeled traffic allowed by default
[    0.612581] amd_nb: Cannot enumerate AMD northbridges
[    0.613946] clocksource: Switched to clocksource kvm-clock
[    0.622931] AppArmor: AppArmor Filesystem Enabled
[    0.624315] pnp: PnP ACPI init
[    0.626534] pnp: PnP ACPI: found 3 devices
[    0.636142] clocksource: acpi_pm: mask: 0xffffff max_cycles: 0xffffff, max_idle_ns: 2085701024 ns
[    0.638834] NET: Registered protocol family 2
[    0.640488] TCP established hash table entries: 8192 (order: 4, 65536 bytes)
[    0.642412] TCP bind hash table entries: 8192 (order: 5, 131072 bytes)
[    0.644259] TCP: Hash tables configured (established 8192 bind 8192)
[    0.645786] UDP hash table entries: 512 (order: 2, 16384 bytes)
[    0.647272] UDP-Lite hash table entries: 512 (order: 2, 16384 bytes)
[    0.648835] NET: Registered protocol family 1
[    0.649960] pci 0000:00:00.0: Limiting direct PCI/PCI transfers
[    0.651460] pci 0000:00:01.0: Activating ISA DMA hang workarounds
[    0.653097] Unpacking initramfs...
[    0.852796] Freeing initrd memory: 14824K
[    0.854387] clocksource: tsc: mask: 0xffffffffffffffff max_cycles: 0x1fa37202099, max_idle_ns: 440795206796 ns
[    0.857111] platform rtc_cmos: registered platform RTC device (no PNP device found)
[    0.859620] Scanning for low memory corruption every 60 seconds
[    0.861891] audit: initializing netlink subsys (disabled)
[    0.863484] audit: type=2000 audit(1567408640.008:1): initialized
[    0.865413] Initialise system trusted keyring
[    0.866855] HugeTLB registered 2 MB page size, pre-allocated 0 pages
[    0.869613] zbud: loaded
[    0.870724] VFS: Disk quotas dquot_6.6.0
[    0.871951] VFS: Dquot-cache hash table entries: 512 (order 0, 4096 bytes)
[    0.874194] squashfs: version 4.0 (2009/01/31) Phillip Lougher
[    0.875950] fuse init (API version 7.23)
[    0.877150] Key type big_key registered
[    0.878222] Allocating IMA MOK and blacklist keyrings.
[    0.880521] Key type asymmetric registered
[    0.881629] Asymmetric key parser 'x509' registered
[    0.883019] Block layer SCSI generic (bsg) driver version 0.4 loaded (major 249)
[    0.885353] io scheduler noop registered
[    0.886485] io scheduler deadline registered (default)
[    0.888266] io scheduler cfq registered
[    0.889657] pci_hotplug: PCI Hot Plug PCI Core version: 0.5
[    0.891483] pciehp: PCI Express Hot Plug Controller Driver version: 0.4
[    0.893547] ACPI: AC Adapter [AC] (off-line)
[    0.894805] input: Power Button as /devices/LNXSYSTM:00/LNXPWRBN:00/input/input0
[    0.896790] ACPI: Power Button [PWRF]
[    0.897954] input: Sleep Button as /devices/LNXSYSTM:00/LNXSLPBN:00/input/input1
[    0.900341] ACPI: Sleep Button [SLPF]
[    0.901621] GHES: HEST is not enabled!
[    0.902846] ACPI: Battery Slot [BAT0] (battery present)
[    0.904392] Serial: 8250/16550 driver, 32 ports, IRQ sharing enabled
[    0.927266] 00:02: ttyS0 at I/O 0x3f8 (irq = 4, base_baud = 115200) is a 16550A
[    0.936338] Linux agpgart interface v0.103
[    0.942280] loop: module loaded
[    0.944359] scsi host0: ata_piix
[    0.945550] scsi host1: ata_piix
[    0.946576] ata1: PATA max UDMA/33 cmd 0x1f0 ctl 0x3f6 bmdma 0xd000 irq 14
[    0.948296] ata2: PATA max UDMA/33 cmd 0x170 ctl 0x376 bmdma 0xd008 irq 15
[    0.950157] libphy: Fixed MDIO Bus: probed
[    0.951460] tun: Universal TUN/TAP device driver, 1.6
[    0.952786] tun: (C) 1999-2004 Max Krasnyansky <maxk@qualcomm.com>
[    0.954532] PPP generic driver version 2.4.2
[    0.956225] ehci_hcd: USB 2.0 'Enhanced' Host Controller (EHCI) Driver
[    0.958161] ehci-pci: EHCI PCI platform driver
[    0.959429] ehci-platform: EHCI generic platform driver
[    0.961016] ohci_hcd: USB 1.1 'Open' Host Controller (OHCI) Driver
[    0.962618] ohci-pci: OHCI PCI platform driver
[    0.963798] ohci-platform: OHCI generic platform driver
[    0.965144] uhci_hcd: USB Universal Host Controller Interface driver
[    0.966829] i8042: PNP: PS/2 Controller [PNP0303:PS2K,PNP0f03:PS2M] at 0x60,0x64 irq 1,12
[    0.969624] serio: i8042 KBD port at 0x60,0x64 irq 1
[    0.971152] serio: i8042 AUX port at 0x60,0x64 irq 12
[    0.973352] mousedev: PS/2 mouse device common for all mice
[    0.975383] input: AT Translated Set 2 keyboard as /devices/platform/i8042/serio0/input/input2
[    0.978399] rtc_cmos rtc_cmos: rtc core: registered rtc_cmos as rtc0
[    0.980166] rtc_cmos rtc_cmos: alarms up to one day, 114 bytes nvram
[    0.982009] i2c /dev entries driver
[    0.983259] device-mapper: uevent: version 1.0.3
[    0.984752] device-mapper: ioctl: 4.34.0-ioctl (2015-10-28) initialised: dm-devel@redhat.com
[    0.987080] ledtrig-cpu: registered to indicate activity on CPUs
[    0.989533] NET: Registered protocol family 10
[    0.991262] NET: Registered protocol family 17
[    0.992713] Key type dns_resolver registered
[    0.994805] registered taskstats version 1
[    0.995966] Loading compiled-in X.509 certificates
[    0.997784] Loaded X.509 cert 'Build time autogenerated kernel key: 7ba2dee60acc6d70f0ebdb64460d59d2cf8df5ff'
[    1.000328] zswap: loaded using pool lzo/zbud
[    1.003881] Key type trusted registered
[    1.008923] Key type encrypted registered
[    1.010074] AppArmor: AppArmor sha1 policy hashing enabled
[    1.011546] ima: No TPM chip found, activating TPM-bypass!
[    1.012902] ima: Allocated hash algorithm: sha1
[    1.014068] evm: HMAC attrs: 0x1
[    1.015618]   Magic number: 3:627:267
[    1.016715] rtc_cmos rtc_cmos: setting system clock to 2019-09-02 07:17:15 UTC (1567408635)
[    1.019156] BIOS EDD facility v0.16 2004-Jun-25, 0 devices found
[    1.020620] EDD information not available.
[    1.107899] Freeing unused kernel memory: 1484K
[    1.109751] Write protecting the kernel read-only data: 14336k
[    1.112353] Freeing unused kernel memory: 1616K
[    1.114046] Freeing unused kernel memory: 68K
Loading, please wait...
starting version 229
[    1.129022] random: systemd-udevd: uninitialized urandom read (16 bytes read, 2 bits of entropy available)
[    1.129393] random: udevadm: uninitialized urandom read (16 bytes read, 2 bits of entropy available)
[    1.129435] random: udevadm: uninitialized urandom read (16 bytes read, 2 bits of entropy available)
[    1.136421] random: udevadm: uninitialized urandom read (16 bytes read, 2 bits of entropy available)
[    1.136458] random: udevadm: uninitialized urandom read (16 bytes read, 2 bits of entropy available)
[    1.136569] random: udevadm: uninitialized urandom read (16 bytes read, 2 bits of entropy available)
[    1.136611] random: udevadm: uninitialized urandom read (16 bytes read, 2 bits of entropy available)
[    1.136652] random: udevadm: uninitialized urandom read (16 bytes read, 2 bits of entropy available)
[    1.136695] random: udevadm: uninitialized urandom read (16 bytes read, 2 bits of entropy available)
[    1.136734] random: udevadm: uninitialized urandom read (16 bytes read, 2 bits of entropy available)
[    1.179491] Fusion MPT base driver 3.04.20
[    1.180853] Copyright (c) 1999-2008 LSI Corporation
[    1.182583] e1000: Intel(R) PRO/1000 Network Driver - version 7.3.21-k8-NAPI
[    1.184493] e1000: Copyright (c) 1999-2006 Intel Corporation.
[    1.197557] Fusion MPT SPI Host driver 3.04.20
[    1.215335] AVX2 version of gcm_enc/dec engaged.
[    1.216967] AES CTR mode by8 optimization enabled
[    1.419420] input: ImExPS/2 Generic Explorer Mouse as /devices/platform/i8042/serio1/input/input4
[    1.881979] e1000 0000:00:03.0 eth0: (PCI:33MHz:32-bit) 02:26:20:ce:de:47
[    1.884071] e1000 0000:00:03.0 eth0: Intel(R) PRO/1000 Network Connection
[    1.886884] mptbase: ioc0: Initiating bringup
[    1.888735] e1000 0000:00:03.0 enp0s3: renamed from eth0
[    2.208172] ioc0: LSI53C1030 A0: Capabilities={Initiator}
[    2.501005] scsi host2: ioc0: LSI53C1030 A0, FwRev=00000000h, Ports=1, MaxQ=256, IRQ=20
[    3.209560] scsi 2:0:0:0: Direct-Access     VBOX     HARDDISK         1.0  PQ: 0 ANSI: 5
[    3.212707] scsi target2:0:0: Beginning Domain Validation
[    3.216693] scsi target2:0:0: Domain Validation skipping write tests
[    3.218444] scsi target2:0:0: Ending Domain Validation
[    3.220013] scsi target2:0:0: asynchronous
[    3.221941] scsi 2:0:1:0: Direct-Access     VBOX     HARDDISK         1.0  PQ: 0 ANSI: 5
[    3.224179] scsi target2:0:1: Beginning Domain Validation
[    3.227850] scsi target2:0:1: Domain Validation skipping write tests
[    3.229542] scsi target2:0:1: Ending Domain Validation
[    3.231007] scsi target2:0:1: asynchronous
[    3.239139] sd 2:0:0:0: Attached scsi generic sg0 type 0
[    3.240864] sd 2:0:0:0: [sda] 20971520 512-byte logical blocks: (10.7 GB/10.0 GiB)
[    3.252046] sd 2:0:1:0: Attached scsi generic sg1 type 0
[    3.253752] sd 2:0:1:0: [sdb] 20480 512-byte logical blocks: (10.5 MB/10.0 MiB)
[    3.254420] sd 2:0:0:0: [sda] Write Protect is off
[    3.254595] sd 2:0:0:0: [sda] Incomplete mode parameter data
[    3.254597] sd 2:0:0:0: [sda] Assuming drive cache: write through
[    3.257453]  sda: sda1
[    3.258508] sd 2:0:0:0: [sda] Attached SCSI disk
[    3.263585] sd 2:0:1:0: [sdb] Write Protect is off
[    3.265158] sd 2:0:1:0: [sdb] Incomplete mode parameter data
[    3.266709] sd 2:0:1:0: [sdb] Assuming drive cache: write through
[    3.271173] sd 2:0:1:0: [sdb] Attached SCSI disk
Begin: Loading essential drivers ... [    4.572504] md: linear personality registered for level -1
[    4.576683] md: multipath personality registered for level -4
[    4.580812] md: raid0 personality registered for level 0
[    4.586176] md: raid1 personality registered for level 1
[    4.658389] raid6: sse2x1   gen()  9760 MB/s
[    4.737365] raid6: sse2x1   xor()  8877 MB/s
[    4.807599] raid6: sse2x2   gen() 13474 MB/s
[    4.874301] raid6: sse2x2   xor()  8680 MB/s
[    4.944307] raid6: sse2x4   gen() 15610 MB/s
[    5.010031] raid6: sse2x4   xor() 10438 MB/s
[    5.078583] raid6: avx2x1   gen() 19927 MB/s
[    5.150217] raid6: avx2x2   gen() 23626 MB/s
[    5.226833] raid6: avx2x4   gen() 29584 MB/s
[    5.228329] raid6: using algorithm avx2x4 gen() 29584 MB/s
[    5.229850] raid6: using avx2x2 recovery algorithm
[    5.232557] xor: automatically using best checksumming function:
[    5.270551]    avx       : 29201.000 MB/sec
[    5.273483] async_tx: api initialized (async)
[    5.287991] md: raid6 personality registered for level 6
[    5.289582] md: raid5 personality registered for level 5
[    5.291188] md: raid4 personality registered for level 4
[    5.301134] md: raid10 personality registered for level 10
done.
Begin: Running /scripts/init-premount ... done.
Begin: Mounting root file system ... Begin: Running /scripts/local-top ... done.
Begin: Running /scripts/local-premount ... [    5.333961] Btrfs loaded
Scanning for Btrfs filesystems
done.
Warning: fsck not present, so skipping root file system
[    5.363338] EXT4-fs (sda1): mounted filesystem with ordered data mode. Opts: (null)
done.
Begin: Running /scripts/local-bottom ... done.
Begin: Running /scripts/init-bottom ... done.
[    5.434479] systemd[1]: systemd 229 running in system mode. (+PAM +AUDIT +SELINUX +IMA +APPARMOR +SMACK +SYSVINIT +UTMP +LIBCRYPTSETUP +GCRYPT +GNUTLS +ACL +XZ -LZ4 +SECCOMP +BLKID +ELFUTILS +KMOD -IDN)
[    5.439209] systemd[1]: Detected virtualization oracle.
[    5.440606] systemd[1]: Detected architecture x86-64.

Welcome to [1mUbuntu 16.04.6 LTS[0m!

[    5.445619] systemd[1]: Set hostname to <ubuntu>.
[    5.449681] systemd[1]: Initializing machine ID from random generator.
[    5.451376] systemd[1]: Installed transient /etc/machine-id file.
[    5.567373] systemd[1]: Set up automount Arbitrary Executable File Formats File System Automount Point.
[[0;32m  OK  [0m] Set up automount Arbitrary Executab...ats File System Automount Point.
[    5.571790] systemd[1]: Listening on Device-mapper event daemon FIFOs.
[[0;32m  OK  [0m] Listening on Device-mapper event daemon FIFOs.
[    5.575286] systemd[1]: Listening on LVM2 poll daemon socket.
[[0;32m  OK  [0m] Listening on LVM2 poll daemon socket.
[    5.856215] systemd[1]: Reached target System Time Synchronized.
[[0;32m  OK  [0m] Reached target System Time Synchronized.
[    5.860464] systemd[1]: Created slice System Slice.
[[0;32m  OK  [0m] Created slice System Slice.
[    6.465846] systemd[1]: Listening on Journal Socket (/dev/log).
[[0;32m  OK  [0m] Listening on Journal Socket (/dev/log).
[    6.470438] systemd[1]: Started Trigger resolvconf update for networkd DNS.
[[0;32m  OK  [0m] Started Trigger resolvconf update for networkd DNS.
[    6.474934] systemd[1]: Listening on Syslog Socket.
[[0;32m  OK  [0m] Listening on Syslog Socket.
[    6.511925] systemd[1]: Listening on /dev/initctl Compatibility Named Pipe.
[[0;32m  OK  [0m] Listening on /dev/initctl Compatibility Named Pipe.
[    6.517310] systemd[1]: Listening on Journal Socket.
[[0;32m  OK  [0m] Listening on Journal Socket.
[    6.530687] systemd[1]: Mounting POSIX Message Queue File System...
         Mounting POSIX Message Queue File System...
[    6.536467] systemd[1]: Mounting Debug File System...
         Mounting Debug File System...
[    6.539981] systemd[1]: Mounting Huge Pages File System...
         Mounting Huge Pages File System...
[    6.551365] systemd[1]: Created slice User and Session Slice.
[[0;32m  OK  [0m] Created slice User and Session Slice.
[    6.554766] systemd[1]: Reached target Slices.
[[0;32m  OK  [0m] Reached target Slices.
[    6.563096] systemd[1]: Listening on udev Kernel Socket.
[[0;32m  OK  [0m] Listening on udev Kernel Socket.
[    6.578683] systemd[1]: Starting Set console keymap...
         Starting Set console keymap...
[    6.584225] systemd[1]: Starting Load Kernel Modules...
         Starting Load Kernel Modules...
[    6.588827] systemd[1]: Starting Nameserver information manager...
         Starting Nameserver information manager...
[    6.592032] Loading iSCSI transport class v2.0-870.
[    6.592205] systemd[1]: Started Forward Password Requests to Wall Directory Watch.
[[0;32m  OK  [0m] Started Forward Password Requests to Wall Directory Watch.
[    6.597287] systemd[1]: Listening on Journal Audit Socket.
[[0;32m  OK  [0m] Listening on Journal Audit Socket.
[    6.600940] systemd[1]: Starting Journal Service...
         Starting Journal Service...
[    6.606420] systemd[1]: Created slice system-serial\x2dgetty.slice.
[[0;32m  OK  [0m] Created slice system-serial\x2dgetty.slice.
[    6.611550] systemd[1]: Starting Remount Root and Kernel File Systems...
         Starting Remount Root and Kernel File Systems...
[    6.615347] systemd[1]: Reached target User and Group Name Lookups.

    6.617014] EXT4-fs (sda1): re-mounted. Opts: (null)
[[0;32m  OK  [0m] Reached target User and Group Name Lookups.
[    6.619706] systemd[1]: Reached target Swap.
[[0;32m  OK  [0m] Reached target Swap.
[    6.622671] systemd[1]: Starting Uncomplicated firewall...
         Starting Uncomplicated firewall...
[    6.626122] systemd[1]: Starting Create list of required static device nodes for the current kernel...
         Starting Create list of required st... nodes for the current kernel...
[    6.632430] systemd[1]: Listening on udev Control Socket.
[    6.632484] iscsi: registered transport (tcp)
[[0;32m  OK  [0m] Listening on udev Control Socket.
[    6.637285] systemd[1]: Listening on LVM2 metadata daemon socket.
[[0;32m  OK  [0m] Listening on LVM2 metadata daemon socket.
[    6.646777] systemd[1]: Starting Monitoring of LVM2 mirrors, snapshots etc. using dmeventd or progress polling...
         Starting Monitoring of LVM2 mirrors... dmeventd or progress polling...
[    6.655984] systemd[1]: Reached target Encrypted Volumes.
[[0;32m  OK  [0m] Reached target Encrypted Volumes.
[    6.662239] systemd[1]: Mounted Debug File System.
[[0;32m  OK  [0m] Mounted Debug File System.
[    6.665239] systemd[1]: Mounted POSIX Message Queue File System.
[[0;32m  OK  [0m] Mounted POSIX Message Queue File System.
[    6.669794] systemd[1]: Mounted Huge Pages File System.
[[0;32m  OK  [0m] Mounted Huge Pages File System.
[    6.673241] systemd[1]: Started Journal Service.
[[0;32m  OK  [0m] Started Journal Service.
[    6.678164] iscsi: registered transport (iser)
[[0;32m  OK  [0m] Started Set console keymap.
[[0;32m  OK  [0m] Started Load Kernel Modules.
[[0;32m  OK  [0m] Started Remount Root and Kernel File Systems.
[[0;32m  OK  [0m] Started Uncomplicated firewall.
[[0;32m  OK  [0m] Started Create list of required sta...ce nodes for the current kernel.
[[0;32m  OK  [0m] Started Nameserver information manager.
[[0;32m  OK  [0m] Started LVM2 metadata daemon.
         Starting Create Static Device Nodes in /dev...
         Starting udev Coldplug all Devices...
         Starting Load/Save Random Seed...
         Starting Apply Kernel Variables...
         Mounting FUSE Control File System...
         Starting Flush Journal to Persistent Storage...
[[0;32m  OK  [0m] Mounted FUSE Control File System.
[[0;32m  OK  [0m] Started Load/Save Random Seed.
[[0;32m  OK  [0m] Started Create Static Device Nodes in /dev.
[[0;32m  OK  [0m] Started Apply Kernel Variables.
[[0;32m  OK  [0m] Started Flush Journal to Persistent Storage.
[[0;32m  OK  [0m] Started udev Coldplug all Devices.
         Starting udev Kernel Device Manager...
[[0;32m  OK  [0m] Started udev Kernel Device Manager.
[[0;32m  OK  [0m] Started Dispatch Password Requests to Console Directory Watch.
[[0;32m  OK  [0m] Found device /dev/ttyS0.
[[0;32m  OK  [0m] Listening on Load/Save RF Kill Switch Status /dev/rfkill Watch.
[[0;32m  OK  [0m] Started Monitoring of LVM2 mirrors,...ng dmeventd or progress polling.
[[0;32m  OK  [0m] Reached target Local File Systems (Pre).
[[0;32m  OK  [0m] Reached target Local File Systems.
         Starting Initial cloud-init job (pre-networking)...
         Starting Create Volatile Files and Directories...
         Starting Set console font and keymap...
         Starting LSB: AppArmor initialization...
         Starting Commit a transient machine-id on disk...
         Starting Tell Plymouth To Write Out Runtime Data...
[[0;32m  OK  [0m] Started Create Volatile Files and Directories.
[[0;32m  OK  [0m] Started Tell Plymouth To Write Out Runtime Data.
         Starting Update UTMP about System Boot/Shutdown...
[[0;32m  OK  [0m] Started Commit a transient machine-id on disk.
[[0;32m  OK  [0m] Started Update UTMP about System Boot/Shutdown.
[[0;32m  OK  [0m] Started Set console font and keymap.
[[0;32m  OK  [0m] Created slice system-getty.slice.
[[0;32m  OK  [0m] Started LSB: AppArmor initialization.
[    8.105856] cloud-init[601]: Cloud-init v. 19.1-1-gbaa47854-0ubuntu1~16.04.1 running 'init-local' at Mon, 02 Sep 2019 07:17:22 +0000. Up 7.74 seconds.
[[0;32m  OK  [0m] Started Initial cloud-init job (pre-networking).
[[0;32m  OK  [0m] Reached target Network (Pre).
         Starting Raise network interfaces...
[[0;32m  OK  [0m] Started Raise network interfaces.
         Starting Initial cloud-init job (metadata service crawler)...
[[0;32m  OK  [0m] Reached target Network.
[    9.142923] cloud-init[946]: Cloud-init v. 19.1-1-gbaa47854-0ubuntu1~16.04.1 running 'init' at Mon, 02 Sep 2019 07:17:23 +0000. Up 8.59 seconds.
[    9.144908] cloud-init[946]: ci-info: ++++++++++++++++++++++++++++++++++++++Net device info++++++++++++++++++++++++++++++++++++++
[    9.147297] cloud-init[946]: ci-info: +--------+------+----------------------------+---------------+--------+-------------------+
[    9.149699] cloud-init[946]: ci-info: | Device |  Up  |          Address           |      Mask     | Scope  |     Hw-Address    |
[    9.160949] cloud-init[946]: ci-info: +--------+------+----------------------------+---------------+--------+-------------------+
[    9.163926] cloud-init[946]: ci-info: | enp0s3 | True |         10.0.2.15          | 255.255.255.0 | global | 02:26:20:ce:de:47 |
[    9.166345] cloud-init[946]: ci-info: | enp0s3 | True | fe80::26:20ff:fece:de47/64 |       .       |  link  | 02:26:20:ce:de:47 |
[    9.168592] cloud-init[946]: ci-info: |   lo   | True |         127.0.0.1          |   255.0.0.0   |  host  |         .         |
[    9.176760] cloud-init[946]: ci-info: |   lo   | True |          ::1/128           |       .       |  host  |         .         |
[    9.178935] cloud-init[946]: ci-info: +--------+------+----------------------------+---------------+--------+-------------------+
[    9.181612] cloud-init[946]: ci-info: +++++++++++++++++++++++++++Route IPv4 info++++++++++++++++++++++++++++
[    9.184380] cloud-init[946]: ci-info: +-------+-------------+----------+---------------+-----------+-------+
[    9.186812] cloud-init[946]: ci-info: | Route | Destination | Gateway  |    Genmask    | Interface | Flags |
[    9.189469] cloud-init[946]: ci-info: +-------+-------------+----------+---------------+-----------+-------+
[    9.192144] cloud-init[946]: ci-info: |   0   |   0.0.0.0   | 10.0.2.2 |    0.0.0.0    |   enp0s3  |   UG  |
[    9.194787] cloud-init[946]: ci-info: |   1   |   10.0.2.0  | 0.0.0.0  | 255.255.255.0 |   enp0s3  |   U   |
[    9.197426] cloud-init[946]: ci-info: +-------+-------------+----------+---------------+-----------+-------+
[    9.200118] cloud-init[946]: ci-info: +++++++++++++++++++Route IPv6 info+++++++++++++++++++
[    9.202404] cloud-init[946]: ci-info: +-------+-------------+---------+-----------+-------+
[    9.204768] cloud-init[946]: ci-info: | Route | Destination | Gateway | Interface | Flags |
[    9.207024] cloud-init[946]: ci-info: +-------+-------------+---------+-----------+-------+
[    9.209263] cloud-init[946]: ci-info: |   0   |  fe80::/64  |    ::   |   enp0s3  |   U   |
[    9.211467] cloud-init[946]: ci-info: |   3   |   ff00::/8  |    ::   |   enp0s3  |   U   |
[    9.213682] cloud-init[946]: ci-info: +-------+-------------+---------+-----------+-------+
[    9.215910] cloud-init[946]: Generating public/private rsa key pair.
[    9.217732] cloud-init[946]: Your identification has been saved in /etc/ssh/ssh_host_rsa_key.
[    9.219277] cloud-init[946]: Your public key has been saved in /etc/ssh/ssh_host_rsa_key.pub.
[    9.221005] cloud-init[946]: The key fingerprint is:
[    9.222474] cloud-init[946]: SHA256:LIc3zMf+EBLjdvZ/j52H+kiBC1irMj4PKmKZXfOF5WU root@ubuntu-xenial
[    9.224630] cloud-init[946]: The key's randomart image is:
[    9.225912] cloud-init[946]: +---[RSA 2048]----+
[    9.227240] cloud-init[946]: |                 |
[    9.228582] cloud-init[946]: |                 |
[    9.229919] cloud-init[946]: |        +        |
[    9.231368] cloud-init[946]: |       O * E     |
[    9.232791] cloud-init[946]: |      + S X .    |
[    9.234279] cloud-init[946]: |     o B @ + .   |
[    9.235735] cloud-init[946]: |  + = + . + o  . |
[    9.237195] cloud-init[946]: |o+ +.+ .   + o.o+|
[    9.238659] cloud-init[946]: |o.. .o.     +o+o=|
[    9.240166] cloud-init[946]: +----[SHA256]-----+
[    9.241611] cloud-init[946]: Generating public/private dsa key pair.
[    9.243455] cloud-init[946]: Your identification has been saved in /etc/ssh/ssh_host_dsa_key.
[    9.245852] cloud-init[946]: Your public key has been saved in /etc/ssh/ssh_host_dsa_key.pub.
[    9.248280] cloud-init[946]: The key fingerprint is:
[    9.256833] cloud-init[946]: SHA256:8AdlvElAhVAU5yrRtuPRv03EMZ8jphbsyrGK4Y9dZoo root@ubuntu-xenial
[    9.258755] cloud-init[946]: The key's randomart image is:
[[0;32m  OK  [0m] Started Initial cloud-init job (metadata service crawler).
[    9.270993] cloud-init[946]: +---[DSA 1024]----+
[    9.281164] [[0;32m  OK  [0m] Reached target Network is Online.
cloud-init[946]: |      .=**=      |
[    9.284137] cloud-init[946]: |       ..=o      |
[    9.285774] cloud-init[946]: |      o +..o  o  |
[    9.292817]          Starting iSCSI initiator daemon (iscsid)...
[[0;32m  OK  [0m] Reached target System Initialization.
[[0;32m  OK  [0m] Listening on D-Bus System Message Bus Socket.
[[0;32m  OK  [0m] Listening on ACPID Listen Socket.
[[0;32m  OK  [0m] Started Daily apt download activities.
[[0;32m  OK  [0m] Started Daily Cleanup of Temporary Directories.
cloud-init[946]: |       = =+  . +.|
[    9.299918] cloud-init[946]: |      . S oo ooo.|
[    9.300230] cloud-init[946]: |       o +..+.. .|
[    9.301350] cloud-init[946]: |     .  .= +. .  |
[    9.302241] cloud-init[946]: |    . * * =  +   |
[    9.303002] cloud-init[946]: |     E.=.+  . .  |
         Starting LXD - unix socket.
[    9.303156] cloud-init[946]: +----[SHA256]-----+
[[0;32m  OK  [0m] Started ACPI Events Check.
[[0;32m  OK  [0m] Reached target Paths.
[[0;32m  OK  [0m] Started Daily apt upgrade and clean activities.
[[0;32m  OK  [0m] Reached target Timers.
[    9.306167] cloud-init[946]: Generating public/private ecdsa key pair.
[    9.311507] cloud-init[946]: Your identification has been saved in /etc/ssh/ssh_host_ecdsa_key.
[    9.311728] cloud-init[946]: Your public key has been saved in /etc/ssh/ssh_host_ecdsa_key.pub.
[    9.313243] cloud-init[946]: The key fingerprint is:
[    9.315454] cloud-init[946]: SHA256:BjKMXlCn7p1if7WHh07/uszvspFQZNBRpy9vJ4+u1SU root@ubuntu-xenial
[    9.316137] cloud-init[946]: The key's randomart image is:
[    9.318636] cloud-init[946]: +---[ECDSA 256]---+
[    9.320075] cloud-init[946]: |  ... .   .o+o. .|
[    9.320396] cloud-init[946]: |   + o     o.  o |
[    9.321734] cloud-init[946]: |  . * .     . .  |
[    9.323122] cloud-init[946]: | . o o .   .   . |
[    9.324495] cloud-init[946]: |  . .   S .   E o|
[    9.325506] cloud-init[946]: |   . . o  .. . =.|
[    9.325578] cloud-init[946]: |    + o  ..+o o =|
         [    9.326166] Starting Socket activation for snappy daemon.cloud-init
[946]: |   . o  ..+++o =.|
[    9.328251] cloud-init[946]: |      .. ..oO@* .|
[    9.328462] cloud-init[946]: +----[SHA256]-----+
[[0;32m  OK  [0m] Listening on UUID daemon activation socket.
[[    9.328610] [0;32m  OK  [0mcloud-init] [946]: Reached target Cloud-config availability.Generating public/private ed25519 key pair.

[    9.341277] cloud-init[946]: Your identification has been saved in /etc/ssh/ssh_host_ed25519_key.
[[0;32m  OK  [0m] Listening on LXD - unix socket.
[[0;32m  OK  [0m] Listening on Socket activation for snappy daemon.
[[0;32m  OK  [0m] Started iSCSI initiator daemon (iscsid).
[    9.343944] cloud-init[946]: Your public key has been saved in /etc/ssh/ssh_host_ed25519_key.pub.
[    9.351527] cloud-init[946]: The key fingerprint is:
[    9.352517] cloud-init[946]: SHA256:QztkwLApif6jYA1XkDLnqUWuONyo7dKzLLUrbzQbfz4 root@ubuntu-xenial
[    9.354842] cloud-init[946]: The key's randomart image is:
[    9.360864] cloud-init[946]: +--[ED25519 256]--+
[    9.362483] cloud-init[946]: |   .oo.          |
[    9.368700] cloud-init[946]: | + =.o..         |
[    9.368966] cloud-init[946]: |. X +.  +        |
[    9.369282] cloud-init[946]: |.  *.  + .       |
         Starting Login to default iSCSI targets...
[[    9.369516] cloud-init[946]: |oo*.    S        |
[    9.371853] cloud-init[946]: |o=X.     o       |
[    9.373075] cloud-init[946]: |oB X             |
[    9.374095] cloud-init[946]: |B.O o E          |
[    9.374429] cloud-init[946]: | O*+ o..         |
[0;32m  OK  [0m] Reached target Sockets.
[[    9.374618] cloud-init[946]: +----[SHA256]-----+
[0;32m  OK  [0m] Reached target Basic System.
         Starting /etc/rc.local Compatibility...
         Starting System Logging Service...
         Starting Pollinate to seed the pseudo random number generator...
[[0;32m  OK  [0m] Started Deferred execution scheduler.
         Starting LXD - container startup/shutdown...
         Starting Snappy daemon...
[[0;32m  OK  [0m] Started D-Bus System Message Bus.
         Starting Login Service...
         Starting Virtualbox guest utils...
         Starting LSB: Record successful boot for GRUB...
[[0;32m  OK  [0m] Started ACPI event daemon.
         Starting LSB: MD monitoring daemon...
[[0;32m  OK  [0m] Started Regular background program processing daemon.
[[0;32m  OK  [0m] Started FUSE filesystem for LXC.
         Starting Accounts Service...
[[0;32m  OK  [0m] Started System Logging Service.
[[0;32m  OK  [0m] Started /etc/rc.local Compatibility.
[[0;32m  OK  [0m] Started LXD - container startup/shutdown.
[[0;32m  OK  [0m] Started Login to default iSCSI targets.
[[0;32m  OK  [0m] Started LSB: Record successful boot for GRUB.
[[0;32m  OK  [0m] Started Login Service.
[[0;32m  OK  [0m] Started Unattended Upgrades Shutdown.
         Starting Authenticate and Authorize Users to Run Privileged Tasks...
[[0;32m  OK  [0m] Reached target Remote File Systems (Pre).
[[0;32m  OK  [0m] Reached target Remote File Systems.
         Starting LSB: Set the CPU Frequency Scaling governor to "ondemand"...
         Starting LSB: daemon to balance interrupts for SMP systems...
         Starting Permit User Sessions...
         Starting LSB: automatic crash report generation...
[[0;32m  OK  [0m] Started LSB: MD monitoring daemon.
[[0;32m  OK  [0m] Started Permit User Sessions.
[[0;32m  OK  [0m] Started Authenticate and Authorize Users to Run Privileged Tasks.
[[0;32m  OK  [0m] Started Accounts Service.
         Starting Hold until boot process finishes up...
         Starting Terminate Plymouth Boot Screen...
[[0;32m  OK  [0m] Started LSB: Set the CPU Frequency Scaling governor to "ondemand".
[[0;32m  OK  [0m] Started LSB: daemon to balance interrupts for SMP systems.
[[0;32m  OK  [0m] Started LSB: automatic crash report generation.
[[0;32m  OK  [0m] Started Hold until boot process finishes up.
[[0;32m  OK  [0m] Started Terminate Plymouth Boot Screen.
[[0;32m  OK  [0m] Started Virtualbox guest utils.
[[0;32m  OK  [0m] Started Snappy daemon.
         Starting Wait until snapd is fully seeded...
         Starting Set console scheme...
[[0;32m  OK  [0m] Started Getty on tty1.
[[0;32m  OK  [0m] Started Serial Getty on ttyS0.
[[0;32m  OK  [0m] Reached target Login Prompts.
[[0;32m  OK  [0m] Started Set console scheme.
[[0;32m  OK  [0m] Started Pollinate to seed the pseudo random number generator.
         Starting OpenBSD Secure Shell server...
[[0;32m  OK  [0m] Started OpenBSD Secure Shell server.
[[0;32m  OK  [0m] Started Wait until snapd is fully seeded.
         Starting Apply the settings specified in cloud-config...
[[0;32m  OK  [0m] Reached target Multi-User System.
[[0;32m  OK  [0m] Reached target Graphical Interface.
         Starting Update UTMP about System Runlevel Changes...
[[0;32m  OK  [0m] Started Update UTMP about System Runlevel Changes.
[   11.148181] cloud-init[1287]: Generating locales (this might take a while)...
[   11.870855] cloud-init[1287]:   en_US.UTF-8... done
[   11.873022] cloud-init[1287]: Generation complete.
[[0;32m  OK  [0m] Created slice User Slice of vagrant.
         Starting User Manager for UID 1000...
[[0;32m  OK  [0m] Started Session 1 of user vagrant.
[[0;32m  OK  [0m] Started User Manager for UID 1000.
[   12.149299] cloud-init[1287]: Cloud-init v. 19.1-1-gbaa47854-0ubuntu1~16.04.1 running 'modules:config' at Mon, 02 Sep 2019 07:17:25 +0000. Up 11.06 seconds.
[[0;32m  OK  [0m] Started Apply the settings specified in cloud-config.
         Starting Execute cloud user/final scripts...
ci-info: no authorized ssh keys fingerprints found for user ubuntu.
<14>Sep  2 07:17:27 ec2: 
<14>Sep  2 07:17:27 ec2: #############################################################
<14>Sep  2 07:17:27 ec2: -----BEGIN SSH HOST KEY FINGERPRINTS-----
<14>Sep  2 07:17:27 ec2: 1024 SHA256:8AdlvElAhVAU5yrRtuPRv03EMZ8jphbsyrGK4Y9dZoo root@ubuntu-xenial (DSA)
<14>Sep  2 07:17:27 ec2: 256 SHA256:BjKMXlCn7p1if7WHh07/uszvspFQZNBRpy9vJ4+u1SU root@ubuntu-xenial (ECDSA)
<14>Sep  2 07:17:27 ec2: 256 SHA256:QztkwLApif6jYA1XkDLnqUWuONyo7dKzLLUrbzQbfz4 root@ubuntu-xenial (ED25519)
<14>Sep  2 07:17:27 ec2: 2048 SHA256:LIc3zMf+EBLjdvZ/j52H+kiBC1irMj4PKmKZXfOF5WU root@ubuntu-xenial (RSA)
<14>Sep  2 07:17:27 ec2: -----END SSH HOST KEY FINGERPRINTS-----
<14>Sep  2 07:17:27 ec2: #############################################################
-----BEGIN SSH HOST KEY KEYS-----
ecdsa-sha2-nistp256 AAAAE2VjZHNhLXNoYTItbmlzdHAyNTYAAAAIbmlzdHAyNTYAAABBBG8ZFNDw/2rG7SKlDexkBQNWNYrVnKD+G/eidYQRHFzwOHYhwchYfL0Na/C8RJGT7jzINTlV9ct2UMhe6dZ/wXA= root@ubuntu-xenial
ssh-ed25519 AAAAC3NzaC1lZDI1NTE5AAAAIJv3lXUAaCtQe1MGEKIP9xAbfwcjPdl5RaikA9OuPTc+ root@ubuntu-xenial
ssh-rsa AAAAB3NzaC1yc2EAAAADAQABAAABAQCq/kHHUqHFJY8Qdur//gTMV5mR18fBgStsAcfdOq32F4qjYwJTLzG7TdJUQUpc4SapPJ+9jV5dhIfibaPnWpX9RyeLYuoI+IRatGyfyDDFI+RdzjEk/S+LCNQxRnBB9fkB27zVBjIqktP1+BwTtRVzUGTp6aLbWfZFDDayNHMhZVfmcSrjsd0aIXvVOsoDq2cWSX5g33mUBPqnxVcsO2wEKOs+pp+TgRgwSRBnGw2Aa7waYLfjHn5gfmYQNI4Stbq0kczabnFFMKzcqwQasmvfHoXO5iBnOf+LmYDHh/YCSzWyed8/WS8+ETmJTBlkEUYYNYu2FgfirFGQEHi3O72v root@ubuntu-xenial
-----END SSH HOST KEY KEYS-----
[   12.602439] cloud-init[1352]: Cloud-init v. 19.1-1-gbaa47854-0ubuntu1~16.04.1 running 'modules:final' at Mon, 02 Sep 2019 07:17:27 +0000. Up 12.44 seconds.
[   12.605289] cloud-init[1352]: ci-info: no authorized ssh keys fingerprints found for user ubuntu.
[   12.612797] cloud-init[1352]: Cloud-init v. 19.1-1-gbaa47854-0ubuntu1~16.04.1 finished at Mon, 02 Sep 2019 07:17:27 +0000. Datasource DataSourceNoCloud [seed=/dev/sdb][dsmode=net].  Up 12.59 seconds
[[0;32m  OK  [0m] Started Execute cloud user/final scripts.
[[0;32m  OK  [0m] Reached target Cloud-init target.

Ubuntu 16.04.6 LTS ubuntu-xenial ttyS0

ubuntu-xenial login: 